// Jest Snapshot v1, https://goo.gl/fbAQLP

exports[`SignInAndSignUpPage component should render MenuItem component 1`] = `
<div
  className="sign-in-and-sign-up"
>
  <Connect(SignIn) />
  <Connect(SignUp) />
</div>
`;
