// Jest Snapshot v1, https://goo.gl/fbAQLP

exports[`CollectionPage component should render CollectionPage component 1`] = `
<div
  className="collection-page"
>
  <h2
    className="title"
  >
    Test
  </h2>
  <div
    className="items"
  >
    <Connect(CollectionItem)
      item={
        Object {
          "id": 1,
        }
      }
      key="1"
    />
    <Connect(CollectionItem)
      item={
        Object {
          "id": 2,
        }
      }
      key="2"
    />
    <Connect(CollectionItem)
      item={
        Object {
          "id": 3,
        }
      }
      key="3"
    />
  </div>
</div>
`;
