// Jest Snapshot v1, https://goo.gl/fbAQLP

exports[`CheckoutPage component should render CheckoutPage component 1`] = `
<div
  className="checkout-page"
>
  <div
    className="checkout-header"
  >
    <div
      className="header-block"
    >
      <span>
        Product
      </span>
    </div>
    <div
      className="header-block"
    >
      <span>
        Description
      </span>
    </div>
    <div
      className="header-block"
    >
      <span>
        Quantity
      </span>
    </div>
    <div
      className="header-block"
    >
      <span>
        Price
      </span>
    </div>
    <div
      className="header-block"
    >
      <span>
        Remove
      </span>
    </div>
  </div>
  <div
    className="total"
  >
    <span>
      TOTAL: $
      100
    </span>
  </div>
  <div
    className="test-warning"
  >
    *Please use the following test credict card for payments*
    <br />
    4242 4242 4242 4242 - Exp: 01/30 - CVV: 123
  </div>
  <StripeCheckoutButton
    price={100}
  />
</div>
`;
