// Jest Snapshot v1, https://goo.gl/fbAQLP

exports[`collectionsOverview component should render CollectionsOverview component 1`] = `
<collectionsOverview
  collections={Array []}
/>
`;
